10:53:25 **** Build of configuration Default for project rojobot_1 ****
make all 
mips-mti-elf-gcc -c -EL -g -march=m14kc -msoft-float -O1 -I"C:\PROGRA~1\IMAGIN~1\TOOLCH~1\MIPS-M~1\2016~1.05-/share/mips/addons/libfdc/" boot.S -o boot.o
mips-mti-elf-gcc -c -EL -g -march=m14kc -msoft-float -O1 -I"C:\PROGRA~1\IMAGIN~1\TOOLCH~1\MIPS-M~1\2016~1.05-/share/mips/addons/libfdc/" -D_BOOTCODE crt0.S -o crt0.o
mips-mti-elf-gcc -c -EL -g -march=m14kc -msoft-float -O1 -I"C:\PROGRA~1\IMAGIN~1\TOOLCH~1\MIPS-M~1\2016~1.05-/share/mips/addons/libfdc/" exceptions.S -o exceptions.o
mips-mti-elf-gcc -c -EL -g -march=m14kc -msoft-float -O1 -I"C:\PROGRA~1\IMAGIN~1\TOOLCH~1\MIPS-M~1\2016~1.05-/share/mips/addons/libfdc/" dummy.S -o dummy.o
mips-mti-elf-gcc -c -EL -g -march=m14kc -msoft-float -O1 -I"C:\PROGRA~1\IMAGIN~1\TOOLCH~1\MIPS-M~1\2016~1.05-/share/mips/addons/libfdc/" main.S -o main.o
mips-mti-elf-gcc  -EL -march=m14kc -msoft-float -nostartfiles -Wl,-Map=program.map -L"C:\PROGRA~1\IMAGIN~1\TOOLCH~1\MIPS-M~1\2016~1.05-/share/mips/addons/libfdc/" -Wl,--defsym,__stack=0x80040000 -Wl,--defsym,__memory_size=0x1f800 -T uhi32.ld -Wl,--defsym,__flash_start=0xbfc00000 -Wl,--defsym,__flash_app_start=0x80000000 -Wl,--defsym,__app_start=0x80000000 -Wl,--defsym,__isr_vec_count=0 -Wl,-e,0xbfc00000 boot.o exceptions.o dummy.o main.o -lfdc -o program.elf
mips-mti-elf-objcopy --remove-section .MIPS.abiflags --remove-section .reginfo program.elf
mips-mti-elf-size program.elf
   text	   data	    bss	    dec	    hex	filename
    948	   1456	      0	   2404	    964	program.elf
mips-mti-elf-objdump -D -l -t program.elf > program.dis
mips-mti-elf-objdump -D program.elf > program.txt
mips-mti-elf-objcopy program.elf -O srec program.rec
11:03:54 **** Incremental Build of configuration Default for project rojobot_1 ****
make all 
make: Nothing to be done for `all'.
11:04:30 **** Incremental Build of configuration Default for project rojobot_1 ****
make all 
make: Nothing to be done for `all'.
11:04:39 **** Incremental Build of configuration Default for project rojobot_1 ****
make all 
make: Nothing to be done for `all'.
11:12:21 **** Incremental Build of configuration Default for project rojobot_1 ****
make all 
make: Nothing to be done for `all'.
11:12:34 **** Incremental Build of configuration Default for project rojobot_1 ****
make all 
make: Nothing to be done for `all'.
11:12:43 **** Incremental Build of configuration Default for project rojobot_1 ****
make all 
make: Nothing to be done for `all'.
11:13:52 **** Incremental Build of configuration Default for project rojobot_1 ****
make all 
make: Nothing to be done for `all'.
11:14:54 **** Incremental Build of configuration Default for project rojobot_1 ****
make all 
make: Nothing to be done for `all'.
11:15:09 **** Incremental Build of configuration Default for project rojobot_1 ****
make all 
mips-mti-elf-gcc -c -EL -g -march=m14kc -msoft-float -O1 -I"C:\PROGRA~1\IMAGIN~1\TOOLCH~1\MIPS-M~1\2016~1.05-/share/mips/addons/libfdc/" main.S -o main.o
mips-mti-elf-gcc  -EL -march=m14kc -msoft-float -nostartfiles -Wl,-Map=program.map -L"C:\PROGRA~1\IMAGIN~1\TOOLCH~1\MIPS-M~1\2016~1.05-/share/mips/addons/libfdc/" -Wl,--defsym,__stack=0x80040000 -Wl,--defsym,__memory_size=0x1f800 -T uhi32.ld -Wl,--defsym,__flash_start=0xbfc00000 -Wl,--defsym,__flash_app_start=0x80000000 -Wl,--defsym,__app_start=0x80000000 -Wl,--defsym,__isr_vec_count=0 -Wl,-e,0xbfc00000 boot.o exceptions.o dummy.o main.o -lfdc -o program.elf
crt0.o: In function `_start':
(.boot+0x50): undefined reference to `main'
crt0.o: In function `_start':
(.boot+0x54): undefined reference to `main'
collect2.exe: error: ld returned 1 exit status
make: *** [program.elf] Error 1
11:16:00 **** Incremental Build of configuration Default for project rojobot_1 ****
make all 
make: Nothing to be done for `all'.
11:16:06 **** Incremental Build of configuration Default for project rojobot_1 ****
make all 
mips-mti-elf-gcc -c -EL -g -march=m14kc -msoft-float -O1 -I"C:\PROGRA~1\IMAGIN~1\TOOLCH~1\MIPS-M~1\2016~1.05-/share/mips/addons/libfdc/" main.S -o main.o
main.S: Assembler messages:
main.S:358: Error: unknown pseudo-op: `.main'
make: *** [main.o] Error 1
11:16:16 **** Incremental Build of configuration Default for project rojobot_1 ****
make all 
mips-mti-elf-gcc -c -EL -g -march=m14kc -msoft-float -O1 -I"C:\PROGRA~1\IMAGIN~1\TOOLCH~1\MIPS-M~1\2016~1.05-/share/mips/addons/libfdc/" main.S -o main.o
mips-mti-elf-gcc  -EL -march=m14kc -msoft-float -nostartfiles -Wl,-Map=program.map -L"C:\PROGRA~1\IMAGIN~1\TOOLCH~1\MIPS-M~1\2016~1.05-/share/mips/addons/libfdc/" -Wl,--defsym,__stack=0x80040000 -Wl,--defsym,__memory_size=0x1f800 -T uhi32.ld -Wl,--defsym,__flash_start=0xbfc00000 -Wl,--defsym,__flash_app_start=0x80000000 -Wl,--defsym,__app_start=0x80000000 -Wl,--defsym,__isr_vec_count=0 -Wl,-e,0xbfc00000 boot.o exceptions.o dummy.o main.o -lfdc -o program.elf
mips-mti-elf-objcopy --remove-section .MIPS.abiflags --remove-section .reginfo program.elf
c:\PROGRA~1\IMAGIN~1\TOOLCH~1\mips-mti-elf\2016.05-03\bin\mips-mti-elf-objcopy.exe: unable to rename 'program.elf'; reason: Permission denied
make: *** [program.elf] Error 1
11:16:27 **** Incremental Build of configuration Default for project rojobot_1 ****
make all 
make: Nothing to be done for `all'.
11:18:48 **** Incremental Build of configuration Default for project rojobot_1 ****
make all 
make: Nothing to be done for `all'.
11:26:18 **** Incremental Build of configuration Default for project rojobot_1 ****
make all 
make: Nothing to be done for `all'.
11:28:02 **** Incremental Build of configuration Default for project rojobot_1 ****
make all 
mips-mti-elf-gcc -c -EL -g -march=m14kc -msoft-float -O1 -I"C:\PROGRA~1\IMAGIN~1\TOOLCH~1\MIPS-M~1\2016~1.05-/share/mips/addons/libfdc/" main.S -o main.o
mips-mti-elf-gcc  -EL -march=m14kc -msoft-float -nostartfiles -Wl,-Map=program.map -L"C:\PROGRA~1\IMAGIN~1\TOOLCH~1\MIPS-M~1\2016~1.05-/share/mips/addons/libfdc/" -Wl,--defsym,__stack=0x80040000 -Wl,--defsym,__memory_size=0x1f800 -T uhi32.ld -Wl,--defsym,__flash_start=0xbfc00000 -Wl,--defsym,__flash_app_start=0x80000000 -Wl,--defsym,__app_start=0x80000000 -Wl,--defsym,__isr_vec_count=0 -Wl,-e,0xbfc00000 boot.o exceptions.o dummy.o main.o -lfdc -o program.elf
mips-mti-elf-objcopy --remove-section .MIPS.abiflags --remove-section .reginfo program.elf
c:\PROGRA~1\IMAGIN~1\TOOLCH~1\mips-mti-elf\2016.05-03\bin\mips-mti-elf-objcopy.exe: unable to rename 'program.elf'; reason: Permission denied
make: *** [program.elf] Error 1
11:28:06 **** Incremental Build of configuration Default for project rojobot_1 ****
make all 
make: Nothing to be done for `all'.
11:31:03 **** Incremental Build of configuration Default for project rojobot_1 ****
make all 
mips-mti-elf-gcc -c -EL -g -march=m14kc -msoft-float -O0 -I"C:\PROGRA~1\IMAGIN~1\TOOLCH~1\MIPS-M~1\2016~1.05-/share/mips/addons/libfdc/" main.S -o main.o
mips-mti-elf-gcc  -EL -march=m14kc -msoft-float -nostartfiles -Wl,-Map=program.map -L"C:\PROGRA~1\IMAGIN~1\TOOLCH~1\MIPS-M~1\2016~1.05-/share/mips/addons/libfdc/" -Wl,--defsym,__stack=0x80040000 -Wl,--defsym,__memory_size=0x1f800 -T uhi32.ld -Wl,--defsym,__flash_start=0xbfc00000 -Wl,--defsym,__flash_app_start=0x80000000 -Wl,--defsym,__app_start=0x80000000 -Wl,--defsym,__isr_vec_count=0 -Wl,-e,0xbfc00000 boot.o exceptions.o dummy.o main.o -lfdc -o program.elf
mips-mti-elf-objcopy --remove-section .MIPS.abiflags --remove-section .reginfo program.elf
c:\PROGRA~1\IMAGIN~1\TOOLCH~1\mips-mti-elf\2016.05-03\bin\mips-mti-elf-objcopy.exe: unable to rename 'program.elf'; reason: Permission denied
make: *** [program.elf] Error 1
11:31:04 **** Incremental Build of configuration Default for project rojobot_1 ****
make all 
make: Nothing to be done for `all'.
11:31:05 **** Incremental Build of configuration Default for project rojobot_1 ****
make all 
make: Nothing to be done for `all'.
11:31:08 **** Incremental Build of configuration Default for project rojobot_1 ****
make all 
make: Nothing to be done for `all'.
11:32:04 **** Clean-only build of configuration Default for project rojobot_1 ****
make clean 
rm -f *.o
rm -f program.elf
rm: cannot remove `program.elf': Permission denied
make: *** [clean] Error 1
11:32:07 **** Build of configuration Default for project rojobot_1 ****
make all 
mips-mti-elf-gcc -c -EL -g -march=m14kc -msoft-float -O0 -I"C:\PROGRA~1\IMAGIN~1\TOOLCH~1\MIPS-M~1\2016~1.05-/share/mips/addons/libfdc/" boot.S -o boot.o
mips-mti-elf-gcc -c -EL -g -march=m14kc -msoft-float -O0 -I"C:\PROGRA~1\IMAGIN~1\TOOLCH~1\MIPS-M~1\2016~1.05-/share/mips/addons/libfdc/" -D_BOOTCODE crt0.S -o crt0.o
mips-mti-elf-gcc -c -EL -g -march=m14kc -msoft-float -O0 -I"C:\PROGRA~1\IMAGIN~1\TOOLCH~1\MIPS-M~1\2016~1.05-/share/mips/addons/libfdc/" exceptions.S -o exceptions.o
mips-mti-elf-gcc -c -EL -g -march=m14kc -msoft-float -O0 -I"C:\PROGRA~1\IMAGIN~1\TOOLCH~1\MIPS-M~1\2016~1.05-/share/mips/addons/libfdc/" dummy.S -o dummy.o
mips-mti-elf-gcc -c -EL -g -march=m14kc -msoft-float -O0 -I"C:\PROGRA~1\IMAGIN~1\TOOLCH~1\MIPS-M~1\2016~1.05-/share/mips/addons/libfdc/" main.S -o main.o
mips-mti-elf-gcc  -EL -march=m14kc -msoft-float -nostartfiles -Wl,-Map=program.map -L"C:\PROGRA~1\IMAGIN~1\TOOLCH~1\MIPS-M~1\2016~1.05-/share/mips/addons/libfdc/" -Wl,--defsym,__stack=0x80040000 -Wl,--defsym,__memory_size=0x1f800 -T uhi32.ld -Wl,--defsym,__flash_start=0xbfc00000 -Wl,--defsym,__flash_app_start=0x80000000 -Wl,--defsym,__app_start=0x80000000 -Wl,--defsym,__isr_vec_count=0 -Wl,-e,0xbfc00000 boot.o exceptions.o dummy.o main.o -lfdc -o program.elf
mips-mti-elf-objcopy --remove-section .MIPS.abiflags --remove-section .reginfo program.elf
c:\PROGRA~1\IMAGIN~1\TOOLCH~1\mips-mti-elf\2016.05-03\bin\mips-mti-elf-objcopy.exe: unable to rename 'program.elf'; reason: Permission denied
make: *** [program.elf] Error 1
11:32:16 **** Incremental Build of configuration Default for project rojobot_1 ****
make all 
make: Nothing to be done for `all'.
11:32:49 **** Incremental Build of configuration Default for project rojobot_1 ****
make all 
make: Nothing to be done for `all'.
11:33:04 **** Clean-only build of configuration Default for project rojobot_1 ****
make clean 
rm -f *.o
rm -f program.elf
rm: cannot remove `program.elf': Permission denied
make: *** [clean] Error 1
11:33:14 **** Clean-only build of configuration Default for project rojobot_1 ****
make clean 
rm -f *.o
rm -f program.elf
rm: cannot remove `program.elf': Permission denied
make: *** [clean] Error 1
11:33:23 **** Build of configuration Default for project rojobot_1 ****
make all 
mips-mti-elf-gcc -c -EL -g -march=m14kc -msoft-float -O0 -I"C:\PROGRA~1\IMAGIN~1\TOOLCH~1\MIPS-M~1\2016~1.05-/share/mips/addons/libfdc/" boot.S -o boot.o
mips-mti-elf-gcc -c -EL -g -march=m14kc -msoft-float -O0 -I"C:\PROGRA~1\IMAGIN~1\TOOLCH~1\MIPS-M~1\2016~1.05-/share/mips/addons/libfdc/" -D_BOOTCODE crt0.S -o crt0.o
mips-mti-elf-gcc -c -EL -g -march=m14kc -msoft-float -O0 -I"C:\PROGRA~1\IMAGIN~1\TOOLCH~1\MIPS-M~1\2016~1.05-/share/mips/addons/libfdc/" exceptions.S -o exceptions.o
mips-mti-elf-gcc -c -EL -g -march=m14kc -msoft-float -O0 -I"C:\PROGRA~1\IMAGIN~1\TOOLCH~1\MIPS-M~1\2016~1.05-/share/mips/addons/libfdc/" dummy.S -o dummy.o
mips-mti-elf-gcc -c -EL -g -march=m14kc -msoft-float -O0 -I"C:\PROGRA~1\IMAGIN~1\TOOLCH~1\MIPS-M~1\2016~1.05-/share/mips/addons/libfdc/" main.S -o main.o
mips-mti-elf-gcc  -EL -march=m14kc -msoft-float -nostartfiles -Wl,-Map=program.map -L"C:\PROGRA~1\IMAGIN~1\TOOLCH~1\MIPS-M~1\2016~1.05-/share/mips/addons/libfdc/" -Wl,--defsym,__stack=0x80040000 -Wl,--defsym,__memory_size=0x1f800 -T uhi32.ld -Wl,--defsym,__flash_start=0xbfc00000 -Wl,--defsym,__flash_app_start=0x80000000 -Wl,--defsym,__app_start=0x80000000 -Wl,--defsym,__isr_vec_count=0 -Wl,-e,0xbfc00000 boot.o exceptions.o dummy.o main.o -lfdc -o program.elf
mips-mti-elf-objcopy --remove-section .MIPS.abiflags --remove-section .reginfo program.elf
c:\PROGRA~1\IMAGIN~1\TOOLCH~1\mips-mti-elf\2016.05-03\bin\mips-mti-elf-objcopy.exe: unable to rename 'program.elf'; reason: Permission denied
make: *** [program.elf] Error 1
11:33:30 **** Incremental Build of configuration Default for project rojobot_1 ****
make all 
make: Nothing to be done for `all'.
11:34:26 **** Incremental Build of configuration Default for project rojobot_1 ****
make all 
make: Nothing to be done for `all'.
11:35:26 **** Incremental Build of configuration Default for project rojobot_1 ****
make all 
make: Nothing to be done for `all'.
11:36:17 **** Incremental Build of configuration Default for project rojobot_1 ****
make all 
make: Nothing to be done for `all'.
11:36:20 **** Incremental Build of configuration Default for project rojobot_1 ****
make all 
make: Nothing to be done for `all'.
13:56:22 **** Build of configuration Default for project rojobot_1 ****
make all 
make: Nothing to be done for `all'.
13:56:27 **** Incremental Build of configuration Default for project rojobot_1 ****
make all 
make: Nothing to be done for `all'.
13:56:54 **** Incremental Build of configuration Default for project rojobot_1 ****
make all 
make: Nothing to be done for `all'.
13:57:12 **** Incremental Build of configuration Default for project rojobot_1 ****
make all 
make: Nothing to be done for `all'.
13:57:15 **** Incremental Build of configuration Default for project rojobot_1 ****
make all 
make: Nothing to be done for `all'.
13:57:54 **** Incremental Build of configuration Default for project rojobot_1 ****
make all 
mips-mti-elf-gcc -c -EL -g -march=m14kc -msoft-float -O0 -I"C:\PROGRA~1\IMAGIN~1\TOOLCH~1\MIPS-M~1\2016~1.05-/share/mips/addons/libfdc/" main.S -o main.o
mips-mti-elf-gcc  -EL -march=m14kc -msoft-float -nostartfiles -Wl,-Map=program.map -L"C:\PROGRA~1\IMAGIN~1\TOOLCH~1\MIPS-M~1\2016~1.05-/share/mips/addons/libfdc/" -Wl,--defsym,__stack=0x80040000 -Wl,--defsym,__memory_size=0x1f800 -T uhi32.ld -Wl,--defsym,__flash_start=0xbfc00000 -Wl,--defsym,__flash_app_start=0x80000000 -Wl,--defsym,__app_start=0x80000000 -Wl,--defsym,__isr_vec_count=0 -Wl,-e,0xbfc00000 boot.o exceptions.o dummy.o main.o -lfdc -o program.elf
mips-mti-elf-objcopy --remove-section .MIPS.abiflags --remove-section .reginfo program.elf
mips-mti-elf-size program.elf
   text	   data	    bss	    dec	    hex	filename
   2536	      0	      0	   2536	    9e8	program.elf
mips-mti-elf-objdump -D -l -t program.elf > program.dis
mips-mti-elf-objdump -D program.elf > program.txt
mips-mti-elf-objcopy program.elf -O srec program.rec
13:58:08 **** Incremental Build of configuration Default for project rojobot_1 ****
make all 
make: Nothing to be done for `all'.
13:59:57 **** Incremental Build of configuration Default for project rojobot_1 ****
make all 
make: Nothing to be done for `all'.
14:00:42 **** Incremental Build of configuration Default for project rojobot_1 ****
make all 
make: Nothing to be done for `all'.
14:01:41 **** Incremental Build of configuration Default for project rojobot_1 ****
make all 
make: Nothing to be done for `all'.
19:11:35 **** Incremental Build of configuration Default for project rojobot_1 ****
make all 
make: Nothing to be done for `all'.
19:12:25 **** Incremental Build of configuration Default for project rojobot_1 ****
make all 
make: Nothing to be done for `all'.
19:12:52 **** Incremental Build of configuration Default for project rojobot_1 ****
make all 
make: Nothing to be done for `all'.
19:14:00 **** Incremental Build of configuration Default for project rojobot_1 ****
make all 
make: Nothing to be done for `all'.
19:32:57 **** Incremental Build of configuration Default for project rojobot_1 ****
make all 
make: Nothing to be done for `all'.
20:01:43 **** Incremental Build of configuration Default for project rojobot_1 ****
make all 
make: Nothing to be done for `all'.
20:20:53 **** Incremental Build of configuration Default for project rojobot_1 ****
make all 
make: Nothing to be done for `all'.
17:49:34 **** Incremental Build of configuration Default for project rojobot_1 ****
make all 
make: Nothing to be done for `all'.
17:49:48 **** Incremental Build of configuration Default for project rojobot_1 ****
make all 
make: Nothing to be done for `all'.
17:49:53 **** Incremental Build of configuration Default for project rojobot_1 ****
make all 
make: Nothing to be done for `all'.
17:50:16 **** Incremental Build of configuration Default for project rojobot_1 ****
make all 
make: Nothing to be done for `all'.
17:51:42 **** Incremental Build of configuration Default for project rojobot_1 ****
make all 
make: Nothing to be done for `all'.
17:51:46 **** Incremental Build of configuration Default for project rojobot_1 ****
make all 
make: Nothing to be done for `all'.
19:44:35 **** Build of configuration Default for project pro2 ****
make all 
make: Nothing to be done for `all'.
19:45:19 **** Incremental Build of configuration Default for project pro2 ****
make all 
make: Nothing to be done for `all'.
20:25:53 **** Incremental Build of configuration Default for project pro2 ****
make all 
make: Nothing to be done for `all'.
20:40:23 **** Incremental Build of configuration Default for project pro2 ****
make all 
make: Nothing to be done for `all'.
20:40:33 **** Incremental Build of configuration Default for project pro2 ****
make all 
make: Nothing to be done for `all'.
21:14:08 **** Incremental Build of configuration Default for project pro2 ****
make all 
make: Nothing to be done for `all'.
21:14:12 **** Incremental Build of configuration Default for project pro2 ****
make all 
make: Nothing to be done for `all'.
